>test_OTHER
test.c:11:3
Used: test
Type: int
Ret. Type: int
>test_OTHER_ONCE
test.c:16:4
Used: test
Type: int
Ret. Type: int
