>conditionalNIL,Type *, test.c
>conditionalNULL,Type *, test.c
>conditionalReturn,Type *, test.c
>conditional,Type *, test.c
>confirmI,Type *, test.c
>dependantBoolFirst,Type *, test.c
>dependantElse,Type *, test.c
>dependantFieldAccessFirst,Type *, test.c
>dependantFieldAccessMultiple,Type *, test.c
>dependantFieldAccess,Type *, test.c
>dependantMultiple,Type *, test.c
>dependant,Type *, test.c
>doubleFree,Type *, test.c
>excludeStrict,Type *, test.c
>ifINULLconditionalReturn,Type *, test.c
>ifINULLreturn,Type *, test.c
>notI,Type *, test.c
>oneParameter,Type *, test.c
>pfree,Type *, test.c
>returnifdef,Type *, test.c
>threeParameters,Type *, test.c
>twice,Type *, test.c
>twoParameters,Type *, test.c
>whileI,Type *, test.c
