>dependentBoolFirst,Type *, test.c
>dependentElse,Type *, test.c
>dependentFieldAccessFirst,Type *, test.c
>dependentFieldAccessMultiple,Type *, test.c
>dependentFieldAccess,Type *, test.c
>dependentMultiple,Type *, test.c
>dependent,Type *, test.c
