>pfree,Type *, test.c:14:2
Used: free
Ret. Type: void
>conditional,Type *, test.c:32:4
Used: pfree
Ret. Type: void
>conditionalNIL,Type *, test.c:58:2
Used: pfree
Ret. Type: void
>conditionalNULL,Type *, test.c:53:2
Used: pfree
Ret. Type: void
>conditionalReturn,Type *, test.c:38:2
Used: pfree
Ret. Type: void
>confirmI,Type *, test.c:67:4
Used: pfree
Ret. Type: void
>dependant,Type *, test.c:94:4
Used: pfree
Ret. Type: void
>dependantBoolFirst,Type *, test.c:104:4
Used: pfree
Ret. Type: void
>dependantElse,Type *, test.c:118:4
Used: pfree
Ret. Type: void
>dependantFieldAccess,Type *, test.c:108:4
Used: pfree
Ret. Type: void
>dependantFieldAccessFirst,Type *, test.c:124:4
Used: pfree
Ret. Type: void
>dependantFieldAccessMultiple,Type *, test.c:112:4
Used: pfree
Ret. Type: void
>dependantFieldAccessMultiple,Type *, test.c:112:4
Used: pfree
Ret. Type: void
>dependantFieldAccessMultiple,Type *, test.c:114:4
Used: pfree
Ret. Type: void
>dependantFieldAccessStruct,Type *, test.c:132:4
Used: pfree
Ret. Type: void
>dependantFieldAccessStructFirst,Type *, test.c:128:4
Used: pfree
Ret. Type: void
>dependantMultiple,Type *, test.c:98:4
Used: pfree
Ret. Type: void
>dependantMultiple,Type *, test.c:98:4
Used: pfree
Ret. Type: void
>dependantMultiple,Type *, test.c:100:4
Used: pfree
Ret. Type: void
>doubleFree,Type *, test.c:89:2
Used: pfree
Ret. Type: void
>doubleFree,Type *, test.c:90:2
Used: pfree
Ret. Type: void
>ifINULLconditionalReturn,Type *, test.c:86:4
Used: pfree
Ret. Type: void
>ifINULLreturn,Type *, test.c:77:4
Used: pfree
Ret. Type: void
>notI,Type *, test.c:63:2
Used: pfree
Ret. Type: void
>oneParameter,Type *, test.c:18:2
Used: pfree
Ret. Type: void
>returnifdef,Type *, test.c:44:2
Used: pfree
Ret. Type: void
>threeParameters,Type *, test.c:21:2
Used: pfree
Ret. Type: void
>twice,Type *, test.c:47:2
Used: pfree
Ret. Type: void
>twoParameters,Type *, test.c:24:2
Used: pfree
Ret. Type: void
>whileI,Type *, test.c:71:4
Used: pfree
Ret. Type: void
