>doubleFree,Type *, test.c:89:2
Used: pfree
Ret. Type: void
>doubleFree,Type *, test.c:90:2
Used: pfree
Ret. Type: void
>oneParameter,Type *, test.c:18:2
Used: pfree
Ret. Type: void
>threeParameters,Type *, test.c:21:2
Used: pfree
Ret. Type: void
>twice,Type *, test.c:47:2
Used: pfree
Ret. Type: void
>twoParameters,Type *, test.c:24:2
Used: pfree
Ret. Type: void
>conditionalNULL,Type *, test.c:53:2
Used: pfree
Ret. Type: void
>notI,Type *, test.c:63:2
Used: pfree
Ret. Type: void
>confirmI,Type *, test.c:67:4
Used: pfree
Ret. Type: void
>ifINULLreturn,Type *, test.c:77:4
Used: pfree
Ret. Type: void
>whileI,Type *, test.c:71:4
Used: pfree
Ret. Type: void
>conditionalNIL,Type *, test.c:58:2
Used: pfree
Ret. Type: void
