>test
test.c:3:3
Used: free
Type: int
Ret. Type: int
>test2
test.c:7:3
Used: free
Type: int
Ret. Type: int
>test_OTHER_ONCE
test.c:15:4
Used: free
Type: int
Ret. Type: int
>test_OTHER
test.c:11:3
Used: test
Type: int
Ret. Type: int
